Input Matrix.
Example: node_num edge_num from1 to1 from2 to2
Notice: index start with 0
7 6
1 0
2 3
3 4
3 5
5 3
6 1
Get Matrix:
0 0 0 0 0 0 0
1 0 0 0 0 0 0
0 0 0 1 0 0 0
0 0 0 0 1 1 0
0 0 0 0 0 0 0
0 0 0 1 0 0 0
0 1 0 0 0 0 0

Reachable Matrix:
1 0 0 0 0 0 0
1 1 0 0 0 0 0
0 0 1 1 1 1 0
0 0 0 1 1 1 0
0 0 0 0 1 0 0
0 0 0 1 1 1 0
1 1 0 0 0 0 1

*** 1. Divide Parts
--------
R(0): 0
A(0): 6 0 1
C(0): 0
--------
R(1): 1 0
A(1): 6 1
C(1): 1
--------
R(2): 5 4 2 3
A(2): 2
C(2): 2
2 is in B(S)!
--------
R(3): 5 3 4
A(3): 5 2 3
C(3): 5 3
--------
R(4): 4
A(4): 5 4 2 3
C(4): 4
--------
R(5): 5 3 4
A(5): 5 2 3
C(5): 5 3
--------
R(6): 6 0 1
A(6): 6
C(6): 6
6 is in B(S)!
--------
B(S): 2 6

Parts:
P0: 0 1 6
P1: 3 2 4 5

Part Divided Matrix:
\  0 1 6 3 2 4 5
0 |1 0 0 . 0 0 0 0 .
1 |1 1 0 . 0 0 0 0 .
6 |1 1 1 . 0 0 0 0 .
   . . . . . . . . .
3 |0 0 0 . 1 0 1 1 .
2 |0 0 0 . 1 1 1 1 .
4 |0 0 0 . 0 0 1 0 .
5 |0 0 0 . 1 0 1 1 .
   . . . . . . . . .

*** 2. Divide Levels
-- Part 0's Level:
Level 0: 0
Level 1: 1
Level 2: 6
-- Part 1's Level:
Level 0: 4
Level 1: 5 3
Level 2: 2

Level Divided Matrix:
\  0 1 6 4 5 3 2
0 |1 0 0 . 0 0 0 0 .
1 |1 1 0 . 0 0 0 0 .
6 |1 1 1 . 0 0 0 0 .
   . . . . . . . . .
4 |0 0 0 . 1 0 0 0 .
5 |0 0 0 . 1 1 1 0 .
3 |0 0 0 . 1 1 1 0 .
2 |0 0 0 . 1 1 1 1 .
   . . . . . . . . .

*** 3. Get Skeleton Matrix
-- After discard strong linked node:
\  0 1 6 4 5 2
0 |1 0 0 . 0 0 0 .
1 |1 1 0 . 0 0 0 .
6 |1 1 1 . 0 0 0 .
   . . . . . . . .
4 |0 0 0 . 1 0 0 .
5 |0 0 0 . 1 1 0 .
2 |0 0 0 . 1 1 1 .
   . . . . . . . .

-- After clear bypassed relation:
\  0 1 6 4 5 2
0 |1 0 0 . 0 0 0 .
1 |1 1 0 . 0 0 0 .
6 |0 1 1 . 0 0 0 .
   . . . . . . . .
4 |0 0 0 . 1 0 0 .
5 |0 0 0 . 1 1 0 .
2 |0 0 0 . 0 1 1 .
   . . . . . . . .

-- After clear self reach relation:
Success Get Skeleton Matrix:
\  0 1 6 4 5 2
0 |0 0 0 . 0 0 0 .
1 |1 0 0 . 0 0 0 .
6 |0 1 0 . 0 0 0 .
   . . . . . . . .
4 |0 0 0 . 0 0 0 .
5 |0 0 0 . 1 0 0 .
2 |0 0 0 . 0 1 0 .
   . . . . . . . .


